[2020-05-15T19:47:35.945-0530][gc,heap] Heap region size: 1M
[2020-05-15T19:47:35.955-0530][gc     ] Using G1
[2020-05-15T19:47:35.955-0530][gc,heap,coops] Heap address: 0x00000007c0000000, size: 1024 MB, Compressed Oops mode: Zero based, Oop shift amount: 3
[2020-05-15T19:47:37.093-0530][gc,start     ] GC(0) Pause Young (Concurrent Start) (Metadata GC Threshold)
[2020-05-15T19:47:37.094-0530][gc,task      ] GC(0) Using 8 workers of 8 for evacuation
[2020-05-15T19:47:37.102-0530][gc,phases    ] GC(0)   Pre Evacuate Collection Set: 0.0ms
[2020-05-15T19:47:37.102-0530][gc,phases    ] GC(0)   Evacuate Collection Set: 7.1ms
[2020-05-15T19:47:37.102-0530][gc,phases    ] GC(0)   Post Evacuate Collection Set: 0.4ms
[2020-05-15T19:47:37.102-0530][gc,phases    ] GC(0)   Other: 0.7ms
[2020-05-15T19:47:37.102-0530][gc,heap      ] GC(0) Eden regions: 42->0(44)
[2020-05-15T19:47:37.102-0530][gc,heap      ] GC(0) Survivor regions: 0->7(7)
[2020-05-15T19:47:37.102-0530][gc,heap      ] GC(0) Old regions: 0->0
[2020-05-15T19:47:37.102-0530][gc,heap      ] GC(0) Humongous regions: 0->0
[2020-05-15T19:47:37.102-0530][gc,metaspace ] GC(0) Metaspace: 20732K->20732K(1069056K)
[2020-05-15T19:47:37.102-0530][gc           ] GC(0) Pause Young (Concurrent Start) (Metadata GC Threshold) 42M->6M(1024M) 8.378ms
[2020-05-15T19:47:37.102-0530][gc,cpu       ] GC(0) User=0.02s Sys=0.01s Real=0.01s
[2020-05-15T19:47:37.102-0530][gc           ] GC(1) Concurrent Cycle
[2020-05-15T19:47:37.102-0530][gc,marking   ] GC(1) Concurrent Clear Claimed Marks
[2020-05-15T19:47:37.102-0530][gc,marking   ] GC(1) Concurrent Clear Claimed Marks 0.029ms
[2020-05-15T19:47:37.102-0530][gc,marking   ] GC(1) Concurrent Scan Root Regions
[2020-05-15T19:47:37.104-0530][gc,marking   ] GC(1) Concurrent Scan Root Regions 1.774ms
[2020-05-15T19:47:37.104-0530][gc,marking   ] GC(1) Concurrent Mark (1.375s)
[2020-05-15T19:47:37.104-0530][gc,marking   ] GC(1) Concurrent Mark From Roots
[2020-05-15T19:47:37.104-0530][gc,task      ] GC(1) Using 2 workers of 2 for marking
[2020-05-15T19:47:37.104-0530][gc,marking   ] GC(1) Concurrent Mark From Roots 0.193ms
[2020-05-15T19:47:37.104-0530][gc,marking   ] GC(1) Concurrent Preclean
[2020-05-15T19:47:37.104-0530][gc,marking   ] GC(1) Concurrent Preclean 0.026ms
[2020-05-15T19:47:37.104-0530][gc,marking   ] GC(1) Concurrent Mark (1.375s, 1.375s) 0.262ms
[2020-05-15T19:47:37.104-0530][gc,start     ] GC(1) Pause Remark
[2020-05-15T19:47:37.106-0530][gc,stringtable] GC(1) Cleaned string and symbol table, strings: 7398 processed, 0 removed, symbols: 63859 processed, 32 removed
[2020-05-15T19:47:37.106-0530][gc            ] GC(1) Pause Remark 7M->7M(1024M) 2.258ms
[2020-05-15T19:47:37.107-0530][gc,cpu        ] GC(1) User=0.01s Sys=0.00s Real=0.00s
[2020-05-15T19:47:37.107-0530][gc,marking    ] GC(1) Concurrent Rebuild Remembered Sets
[2020-05-15T19:47:37.107-0530][gc,marking    ] GC(1) Concurrent Rebuild Remembered Sets 0.134ms
[2020-05-15T19:47:37.107-0530][gc,start      ] GC(1) Pause Cleanup
[2020-05-15T19:47:37.107-0530][gc            ] GC(1) Pause Cleanup 7M->7M(1024M) 0.130ms
[2020-05-15T19:47:37.107-0530][gc,cpu        ] GC(1) User=0.00s Sys=0.00s Real=0.00s
[2020-05-15T19:47:37.107-0530][gc,marking    ] GC(1) Concurrent Cleanup for Next Mark
[2020-05-15T19:47:37.113-0530][gc,marking    ] GC(1) Concurrent Cleanup for Next Mark 6.249ms
[2020-05-15T19:47:37.113-0530][gc            ] GC(1) Concurrent Cycle 11.473ms
[2020-05-15T19:47:38.445-0530][gc,start      ] GC(2) Pause Young (Normal) (G1 Evacuation Pause)
[2020-05-15T19:47:38.446-0530][gc,task       ] GC(2) Using 8 workers of 8 for evacuation
[2020-05-15T19:47:38.452-0530][gc,phases     ] GC(2)   Pre Evacuate Collection Set: 0.1ms
[2020-05-15T19:47:38.452-0530][gc,phases     ] GC(2)   Evacuate Collection Set: 5.9ms
[2020-05-15T19:47:38.452-0530][gc,phases     ] GC(2)   Post Evacuate Collection Set: 0.5ms
[2020-05-15T19:47:38.452-0530][gc,phases     ] GC(2)   Other: 0.2ms
[2020-05-15T19:47:38.452-0530][gc,heap       ] GC(2) Eden regions: 44->0(48)
[2020-05-15T19:47:38.452-0530][gc,heap       ] GC(2) Survivor regions: 7->3(7)
[2020-05-15T19:47:38.452-0530][gc,heap       ] GC(2) Old regions: 0->7
[2020-05-15T19:47:38.452-0530][gc,heap       ] GC(2) Humongous regions: 129->129
[2020-05-15T19:47:38.452-0530][gc,metaspace  ] GC(2) Metaspace: 30357K->30357K(1077248K)
[2020-05-15T19:47:38.452-0530][gc            ] GC(2) Pause Young (Normal) (G1 Evacuation Pause) 179M->137M(1024M) 6.755ms
[2020-05-15T19:47:38.452-0530][gc,cpu        ] GC(2) User=0.03s Sys=0.02s Real=0.01s
[2020-05-15T19:47:38.972-0530][gc,start      ] GC(3) Pause Young (Concurrent Start) (Metadata GC Threshold)
[2020-05-15T19:47:38.972-0530][gc,task       ] GC(3) Using 8 workers of 8 for evacuation
[2020-05-15T19:47:38.976-0530][gc,phases     ] GC(3)   Pre Evacuate Collection Set: 0.1ms
[2020-05-15T19:47:38.976-0530][gc,phases     ] GC(3)   Evacuate Collection Set: 3.0ms
[2020-05-15T19:47:38.976-0530][gc,phases     ] GC(3)   Post Evacuate Collection Set: 0.3ms
[2020-05-15T19:47:38.976-0530][gc,phases     ] GC(3)   Other: 0.2ms
[2020-05-15T19:47:38.976-0530][gc,heap       ] GC(3) Eden regions: 27->0(46)
[2020-05-15T19:47:38.976-0530][gc,heap       ] GC(3) Survivor regions: 3->5(7)
[2020-05-15T19:47:38.976-0530][gc,heap       ] GC(3) Old regions: 7->7
[2020-05-15T19:47:38.976-0530][gc,heap       ] GC(3) Humongous regions: 129->129
[2020-05-15T19:47:38.976-0530][gc,metaspace  ] GC(3) Metaspace: 34945K->34945K(1081344K)
[2020-05-15T19:47:38.976-0530][gc            ] GC(3) Pause Young (Concurrent Start) (Metadata GC Threshold) 164M->140M(1024M) 3.711ms
[2020-05-15T19:47:38.976-0530][gc,cpu        ] GC(3) User=0.02s Sys=0.00s Real=0.00s
[2020-05-15T19:47:38.976-0530][gc            ] GC(4) Concurrent Cycle
[2020-05-15T19:47:38.976-0530][gc,marking    ] GC(4) Concurrent Clear Claimed Marks
[2020-05-15T19:47:38.976-0530][gc,marking    ] GC(4) Concurrent Clear Claimed Marks 0.038ms
[2020-05-15T19:47:38.976-0530][gc,marking    ] GC(4) Concurrent Scan Root Regions
[2020-05-15T19:47:38.979-0530][gc,marking    ] GC(4) Concurrent Scan Root Regions 2.750ms
[2020-05-15T19:47:38.979-0530][gc,marking    ] GC(4) Concurrent Mark (3.250s)
[2020-05-15T19:47:38.979-0530][gc,marking    ] GC(4) Concurrent Mark From Roots
[2020-05-15T19:47:38.979-0530][gc,task       ] GC(4) Using 2 workers of 2 for marking
[2020-05-15T19:47:38.984-0530][gc,marking    ] GC(4) Concurrent Mark From Roots 4.595ms
[2020-05-15T19:47:38.984-0530][gc,marking    ] GC(4) Concurrent Preclean
[2020-05-15T19:47:38.984-0530][gc,marking    ] GC(4) Concurrent Preclean 0.072ms
[2020-05-15T19:47:38.984-0530][gc,marking    ] GC(4) Concurrent Mark (3.250s, 3.255s) 4.723ms
[2020-05-15T19:47:38.984-0530][gc,start      ] GC(4) Pause Remark
[2020-05-15T19:47:38.986-0530][gc,stringtable] GC(4) Cleaned string and symbol table, strings: 13402 processed, 7 removed, symbols: 100380 processed, 32 removed
[2020-05-15T19:47:38.986-0530][gc            ] GC(4) Pause Remark 141M->141M(1024M) 2.278ms
[2020-05-15T19:47:38.986-0530][gc,cpu        ] GC(4) User=0.01s Sys=0.00s Real=0.00s
[2020-05-15T19:47:38.986-0530][gc,marking    ] GC(4) Concurrent Rebuild Remembered Sets
[2020-05-15T19:47:38.989-0530][gc,marking    ] GC(4) Concurrent Rebuild Remembered Sets 2.912ms
[2020-05-15T19:47:38.989-0530][gc,start      ] GC(4) Pause Cleanup
[2020-05-15T19:47:38.990-0530][gc            ] GC(4) Pause Cleanup 141M->141M(1024M) 0.148ms
[2020-05-15T19:47:38.990-0530][gc,cpu        ] GC(4) User=0.00s Sys=0.00s Real=0.01s
[2020-05-15T19:47:38.990-0530][gc,marking    ] GC(4) Concurrent Cleanup for Next Mark
[2020-05-15T19:47:39.001-0530][gc,marking    ] GC(4) Concurrent Cleanup for Next Mark 11.739ms
[2020-05-15T19:47:39.001-0530][gc            ] GC(4) Concurrent Cycle 25.268ms
[2020-05-15T19:51:44.344-0530][gc,start      ] GC(5) Pause Young (Normal) (G1 Evacuation Pause)
[2020-05-15T19:51:44.345-0530][gc,task       ] GC(5) Using 8 workers of 8 for evacuation
[2020-05-15T19:51:44.383-0530][gc,mmu        ] GC(5) MMU target violated: 21.0ms (20.0ms/21.0ms)
[2020-05-15T19:51:44.383-0530][gc,phases     ] GC(5)   Pre Evacuate Collection Set: 1.4ms
[2020-05-15T19:51:44.383-0530][gc,phases     ] GC(5)   Evacuate Collection Set: 36.2ms
[2020-05-15T19:51:44.383-0530][gc,phases     ] GC(5)   Post Evacuate Collection Set: 0.7ms
[2020-05-15T19:51:44.383-0530][gc,phases     ] GC(5)   Other: 1.0ms
[2020-05-15T19:51:44.383-0530][gc,heap       ] GC(5) Eden regions: 46->0(45)
[2020-05-15T19:51:44.383-0530][gc,heap       ] GC(5) Survivor regions: 5->6(7)
[2020-05-15T19:51:44.383-0530][gc,heap       ] GC(5) Old regions: 7->9
[2020-05-15T19:51:44.384-0530][gc,heap       ] GC(5) Humongous regions: 129->129
[2020-05-15T19:51:44.384-0530][gc,metaspace  ] GC(5) Metaspace: 42787K->42787K(1087488K)
[2020-05-15T19:51:44.384-0530][gc            ] GC(5) Pause Young (Normal) (G1 Evacuation Pause) 186M->142M(1024M) 39.390ms
[2020-05-15T19:51:44.384-0530][gc,cpu        ] GC(5) User=0.08s Sys=0.12s Real=0.04s
[2020-05-15T19:57:58.704-0530][gc,start      ] GC(6) Pause Young (Normal) (G1 Evacuation Pause)
[2020-05-15T19:57:58.704-0530][gc,task       ] GC(6) Using 8 workers of 8 for evacuation
[2020-05-15T19:57:58.712-0530][gc,phases     ] GC(6)   Pre Evacuate Collection Set: 0.0ms
[2020-05-15T19:57:58.712-0530][gc,phases     ] GC(6)   Evacuate Collection Set: 6.9ms
[2020-05-15T19:57:58.712-0530][gc,phases     ] GC(6)   Post Evacuate Collection Set: 0.8ms
[2020-05-15T19:57:58.712-0530][gc,phases     ] GC(6)   Other: 0.7ms
[2020-05-15T19:57:58.712-0530][gc,heap       ] GC(6) Eden regions: 45->0(45)
[2020-05-15T19:57:58.712-0530][gc,heap       ] GC(6) Survivor regions: 6->6(7)
[2020-05-15T19:57:58.712-0530][gc,heap       ] GC(6) Old regions: 9->12
[2020-05-15T19:57:58.712-0530][gc,heap       ] GC(6) Humongous regions: 129->129
[2020-05-15T19:57:58.712-0530][gc,metaspace  ] GC(6) Metaspace: 45780K->45780K(1091584K)
[2020-05-15T19:57:58.712-0530][gc            ] GC(6) Pause Young (Normal) (G1 Evacuation Pause) 187M->145M(1024M) 8.416ms
[2020-05-15T19:57:58.712-0530][gc,cpu        ] GC(6) User=0.03s Sys=0.01s Real=0.01s
[2020-05-15T20:09:08.190-0530][gc,start      ] GC(7) Pause Young (Normal) (G1 Evacuation Pause)
[2020-05-15T20:09:08.192-0530][gc,task       ] GC(7) Using 8 workers of 8 for evacuation
[2020-05-15T20:09:08.245-0530][gc,mmu        ] GC(7) MMU target violated: 21.0ms (20.0ms/21.0ms)
[2020-05-15T20:09:08.245-0530][gc,phases     ] GC(7)   Pre Evacuate Collection Set: 10.8ms
[2020-05-15T20:09:08.245-0530][gc,phases     ] GC(7)   Evacuate Collection Set: 40.9ms
[2020-05-15T20:09:08.245-0530][gc,phases     ] GC(7)   Post Evacuate Collection Set: 0.7ms
[2020-05-15T20:09:08.245-0530][gc,phases     ] GC(7)   Other: 3.4ms
[2020-05-15T20:09:08.245-0530][gc,heap       ] GC(7) Eden regions: 45->0(48)
[2020-05-15T20:09:08.245-0530][gc,heap       ] GC(7) Survivor regions: 6->3(7)
[2020-05-15T20:09:08.245-0530][gc,heap       ] GC(7) Old regions: 12->14
[2020-05-15T20:09:08.245-0530][gc,heap       ] GC(7) Humongous regions: 129->129
[2020-05-15T20:09:08.245-0530][gc,metaspace  ] GC(7) Metaspace: 45926K->45926K(1091584K)
[2020-05-15T20:09:08.245-0530][gc            ] GC(7) Pause Young (Normal) (G1 Evacuation Pause) 190M->145M(1024M) 55.391ms
[2020-05-15T20:09:08.245-0530][gc,cpu        ] GC(7) User=0.05s Sys=0.12s Real=0.05s
[2020-05-15T20:18:40.521-0530][gc,start      ] GC(8) Pause Young (Normal) (G1 Evacuation Pause)
[2020-05-15T20:18:40.522-0530][gc,task       ] GC(8) Using 8 workers of 8 for evacuation
[2020-05-15T20:18:40.551-0530][gc,mmu        ] GC(8) MMU target violated: 21.0ms (20.0ms/21.0ms)
[2020-05-15T20:18:40.551-0530][gc,phases     ] GC(8)   Pre Evacuate Collection Set: 1.3ms
[2020-05-15T20:18:40.551-0530][gc,phases     ] GC(8)   Evacuate Collection Set: 25.4ms
[2020-05-15T20:18:40.551-0530][gc,phases     ] GC(8)   Post Evacuate Collection Set: 1.2ms
[2020-05-15T20:18:40.551-0530][gc,phases     ] GC(8)   Other: 1.7ms
[2020-05-15T20:18:40.551-0530][gc,heap       ] GC(8) Eden regions: 48->0(48)
[2020-05-15T20:18:40.551-0530][gc,heap       ] GC(8) Survivor regions: 3->3(7)
[2020-05-15T20:18:40.551-0530][gc,heap       ] GC(8) Old regions: 14->14
[2020-05-15T20:18:40.551-0530][gc,heap       ] GC(8) Humongous regions: 129->129
[2020-05-15T20:18:40.551-0530][gc,metaspace  ] GC(8) Metaspace: 46149K->46149K(1091584K)
[2020-05-15T20:18:40.551-0530][gc            ] GC(8) Pause Young (Normal) (G1 Evacuation Pause) 193M->145M(1024M) 29.685ms
[2020-05-15T20:18:40.551-0530][gc,cpu        ] GC(8) User=0.03s Sys=0.09s Real=0.03s
[2020-05-15T20:19:36.754-0530][gc,start      ] GC(9) Pause Young (Normal) (G1 Evacuation Pause)
[2020-05-15T20:19:36.754-0530][gc,task       ] GC(9) Using 8 workers of 8 for evacuation
[2020-05-15T20:19:36.760-0530][gc,phases     ] GC(9)   Pre Evacuate Collection Set: 0.0ms
[2020-05-15T20:19:36.760-0530][gc,phases     ] GC(9)   Evacuate Collection Set: 4.7ms
[2020-05-15T20:19:36.760-0530][gc,phases     ] GC(9)   Post Evacuate Collection Set: 0.3ms
[2020-05-15T20:19:36.760-0530][gc,phases     ] GC(9)   Other: 0.8ms
[2020-05-15T20:19:36.760-0530][gc,heap       ] GC(9) Eden regions: 48->0(48)
[2020-05-15T20:19:36.760-0530][gc,heap       ] GC(9) Survivor regions: 3->3(7)
[2020-05-15T20:19:36.760-0530][gc,heap       ] GC(9) Old regions: 14->14
[2020-05-15T20:19:36.760-0530][gc,heap       ] GC(9) Humongous regions: 129->129
[2020-05-15T20:19:36.760-0530][gc,metaspace  ] GC(9) Metaspace: 46279K->46279K(1091584K)
[2020-05-15T20:19:36.760-0530][gc            ] GC(9) Pause Young (Normal) (G1 Evacuation Pause) 193M->145M(1024M) 5.998ms
[2020-05-15T20:19:36.760-0530][gc,cpu        ] GC(9) User=0.02s Sys=0.01s Real=0.01s
[2020-05-15T20:20:30.276-0530][gc,start      ] GC(10) Pause Young (Normal) (G1 Evacuation Pause)
[2020-05-15T20:20:30.277-0530][gc,task       ] GC(10) Using 8 workers of 8 for evacuation
[2020-05-15T20:20:30.294-0530][gc,phases     ] GC(10)   Pre Evacuate Collection Set: 1.2ms
[2020-05-15T20:20:30.294-0530][gc,phases     ] GC(10)   Evacuate Collection Set: 15.6ms
[2020-05-15T20:20:30.294-0530][gc,phases     ] GC(10)   Post Evacuate Collection Set: 0.5ms
[2020-05-15T20:20:30.294-0530][gc,phases     ] GC(10)   Other: 1.1ms
[2020-05-15T20:20:30.294-0530][gc,heap       ] GC(10) Eden regions: 48->0(47)
[2020-05-15T20:20:30.294-0530][gc,heap       ] GC(10) Survivor regions: 3->4(7)
[2020-05-15T20:20:30.294-0530][gc,heap       ] GC(10) Old regions: 14->14
[2020-05-15T20:20:30.294-0530][gc,heap       ] GC(10) Humongous regions: 129->129
[2020-05-15T20:20:30.294-0530][gc,metaspace  ] GC(10) Metaspace: 46518K->46518K(1091584K)
[2020-05-15T20:20:30.295-0530][gc            ] GC(10) Pause Young (Normal) (G1 Evacuation Pause) 193M->145M(1024M) 18.965ms
[2020-05-15T20:20:30.295-0530][gc,cpu        ] GC(10) User=0.02s Sys=0.03s Real=0.02s
[2020-05-15T20:21:21.874-0530][gc,start      ] GC(11) Pause Young (Normal) (G1 Evacuation Pause)
[2020-05-15T20:21:21.874-0530][gc,task       ] GC(11) Using 8 workers of 8 for evacuation
[2020-05-15T20:21:21.880-0530][gc,phases     ] GC(11)   Pre Evacuate Collection Set: 0.0ms
[2020-05-15T20:21:21.880-0530][gc,phases     ] GC(11)   Evacuate Collection Set: 4.3ms
[2020-05-15T20:21:21.880-0530][gc,phases     ] GC(11)   Post Evacuate Collection Set: 1.0ms
[2020-05-15T20:21:21.880-0530][gc,phases     ] GC(11)   Other: 0.3ms
[2020-05-15T20:21:21.880-0530][gc,heap       ] GC(11) Eden regions: 47->0(47)
[2020-05-15T20:21:21.880-0530][gc,heap       ] GC(11) Survivor regions: 4->4(7)
[2020-05-15T20:21:21.880-0530][gc,heap       ] GC(11) Old regions: 14->14
[2020-05-15T20:21:21.880-0530][gc,heap       ] GC(11) Humongous regions: 129->129
[2020-05-15T20:21:21.880-0530][gc,metaspace  ] GC(11) Metaspace: 46566K->46566K(1091584K)
[2020-05-15T20:21:21.880-0530][gc            ] GC(11) Pause Young (Normal) (G1 Evacuation Pause) 192M->145M(1024M) 5.641ms
[2020-05-15T20:21:21.880-0530][gc,cpu        ] GC(11) User=0.03s Sys=0.00s Real=0.01s
[2020-05-15T20:22:13.692-0530][gc,start      ] GC(12) Pause Young (Normal) (G1 Evacuation Pause)
[2020-05-15T20:22:13.692-0530][gc,task       ] GC(12) Using 8 workers of 8 for evacuation
[2020-05-15T20:22:13.697-0530][gc,phases     ] GC(12)   Pre Evacuate Collection Set: 0.0ms
[2020-05-15T20:22:13.697-0530][gc,phases     ] GC(12)   Evacuate Collection Set: 4.3ms
[2020-05-15T20:22:13.697-0530][gc,phases     ] GC(12)   Post Evacuate Collection Set: 0.4ms
[2020-05-15T20:22:13.697-0530][gc,phases     ] GC(12)   Other: 0.2ms
[2020-05-15T20:22:13.697-0530][gc,heap       ] GC(12) Eden regions: 47->0(48)
[2020-05-15T20:22:13.697-0530][gc,heap       ] GC(12) Survivor regions: 4->4(7)
[2020-05-15T20:22:13.697-0530][gc,heap       ] GC(12) Old regions: 14->14
[2020-05-15T20:22:13.697-0530][gc,heap       ] GC(12) Humongous regions: 129->129
[2020-05-15T20:22:13.697-0530][gc,metaspace  ] GC(12) Metaspace: 46596K->46596K(1091584K)
[2020-05-15T20:22:13.697-0530][gc            ] GC(12) Pause Young (Normal) (G1 Evacuation Pause) 192M->145M(1024M) 5.047ms
[2020-05-15T20:22:13.697-0530][gc,cpu        ] GC(12) User=0.02s Sys=0.00s Real=0.00s
